// Jest Snapshot v1, https://goo.gl/fbAQLP

exports[`RootLayout renders children correctly 1`] = `
<div>
  <app-header-stub />
   
  <routerview-stub />
   
  <app-feedback-stub />
   
  <app-footer-stub />
</div>
`;
