// Jest Snapshot v1, https://goo.gl/fbAQLP

exports[`RootLayout renders children correctly 1`] = `
<div>
  <appheader-stub />
   
  <routerview-stub />
   
  <appfeedback-stub />
   
  <appfooter-stub />
</div>
`;
